// Vitest Snapshot v1, https://vitest.dev/guide/snapshot.html

exports[`ModelBadge > matches snapshot 1`] = `
<div>
  <div
    class="absolute top-4 left-1/2 -translate-x-1/2 z-10"
  >
    <div
      class="bg-surface-muted/50 backdrop-blur-sm border border-border/50 shadow-sm"
      data-model="gpt-4o"
      data-status="ready"
      data-testid="model-loading-badge"
    >
      gpt-4o
    </div>
  </div>
</div>
`;
